// Jest Snapshot v1, https://goo.gl/fbAQLP

exports[`AddQuote component Should match snapshot 1`] = `<withRouter(Connect(WithFormik(QuoteForm))) />`;
