// Jest Snapshot v1, https://goo.gl/fbAQLP

exports[`EditQuote component Should match snapshot 1`] = `
<div
  className="edit-wrapper"
>
  <Connect(Loaded)
    quoteId="123"
  />
</div>
`;
