// Jest Snapshot v1, https://goo.gl/fbAQLP

exports[`Footer component Should match snapshot 1`] = `
<div
  className="app-footer"
/>
`;
