// Jest Snapshot v1, https://goo.gl/fbAQLP

exports[`Game component Should match snapshot 1`] = `<Connect(WithFormik(StartGame)) />`;
