// Jest Snapshot v1, https://goo.gl/fbAQLP

exports[`Header component Should match snapshot 1`] = `
<header
  className="app-header"
>
  <img
    alt=""
    src="./img/logo.png"
  />
</header>
`;
