// Jest Snapshot v1, https://goo.gl/fbAQLP

exports[`Main component Should match snapshot 1`] = `
<div
  className="app-main"
/>
`;
