// Jest Snapshot v1, https://goo.gl/fbAQLP

exports[`ProtectedRoute component Should match snapshot 1`] = `
<Redirect
  to="/user"
/>
`;
