// Jest Snapshot v1, https://goo.gl/fbAQLP

exports[`UserPanel component Should match snapshot 1`] = `
<Fragment>
  <div />
</Fragment>
`;
