// Jest Snapshot v1, https://goo.gl/fbAQLP

exports[`User component Should match snapshot 1`] = `
<Fragment>
  <withRouter(Connect(WithFormik(SignForm))) />
</Fragment>
`;
